STATUS | wrapper  | 2026/03/11 01:34:50 | --> Wrapper Started as Daemon
STATUS | wrapper  | 2026/03/11 01:34:50 | Launching a JVM...
INFO   | jvm 1    | 2026/03/11 01:34:50 | Wrapper (Version 3.2.3) http://wrapper.tanukisoftware.org
INFO   | jvm 1    | 2026/03/11 01:34:50 |   Copyright 1999-2006 Tanuki Software, Inc.  All Rights Reserved.
INFO   | jvm 1    | 2026/03/11 01:34:50 | 
STATUS | wrapper  | 2026/03/11 01:35:58 | TERM trapped.  Shutting down.
STATUS | wrapper  | 2026/03/11 01:36:41 | --> Wrapper Started as Daemon
STATUS | wrapper  | 2026/03/11 01:36:41 | Launching a JVM...
INFO   | jvm 1    | 2026/03/11 01:36:42 | Wrapper (Version 3.2.3) http://wrapper.tanukisoftware.org
INFO   | jvm 1    | 2026/03/11 01:36:42 |   Copyright 1999-2006 Tanuki Software, Inc.  All Rights Reserved.
INFO   | jvm 1    | 2026/03/11 01:36:42 | 
INFO   | jvm 1    | 2026/03/11 01:37:46 | [01:37:46] WARN [org.apache.directory.api.ldap.model.entry.DefaultAttribute] - ERR_13207_VALUE_ALREADY_EXISTS The value '1.3.6.1.4.1.42.2.27.8.5.1' already exists in the attribute (supportedControl)
INFO   | jvm 1    | 2026/03/11 01:37:46 | [01:37:46] WARN [org.apache.directory.api.ldap.model.entry.DefaultAttribute] - ERR_13207_VALUE_ALREADY_EXISTS The value '1.2.840.113556.1.4.841' already exists in the attribute (supportedControl)
INFO   | jvm 1    | 2026/03/11 01:37:46 | [01:37:46] WARN [org.apache.directory.api.ldap.model.entry.DefaultAttribute] - ERR_13207_VALUE_ALREADY_EXISTS The value '1.3.6.1.4.1.4203.1.9.1.2' already exists in the attribute (supportedControl)
INFO   | jvm 1    | 2026/03/11 01:37:46 | [01:37:46] WARN [org.apache.directory.api.ldap.model.entry.DefaultAttribute] - ERR_13207_VALUE_ALREADY_EXISTS The value '1.2.840.113556.1.4.319' already exists in the attribute (supportedControl)
INFO   | jvm 1    | 2026/03/11 01:37:46 | [01:37:46] WARN [org.apache.directory.api.ldap.model.entry.DefaultAttribute] - ERR_13207_VALUE_ALREADY_EXISTS The value '1.2.840.113556.1.4.528' already exists in the attribute (supportedControl)
INFO   | jvm 1    | 2026/03/11 01:37:47 | [01:37:47] WARN [org.apache.directory.server.core.DefaultDirectoryService] - You didn't change the admin password of directory service instance 'default'.  Please update the admin password as soon as possible to prevent a possible security breach.
INFO   | jvm 1    | 2026/03/11 01:37:47 |            _                     _          ____  ____   
INFO   | jvm 1    | 2026/03/11 01:37:47 |           / \   _ __    ___  ___| |__   ___|  _ \/ ___|  
INFO   | jvm 1    | 2026/03/11 01:37:47 |          / _ \ | '_ \ / _` |/ __| '_ \ / _ \ | | \___ \  
INFO   | jvm 1    | 2026/03/11 01:37:47 |         / ___ \| |_) | (_| | (__| | | |  __/ |_| |___) | 
INFO   | jvm 1    | 2026/03/11 01:37:47 |        /_/   \_\ .__/ \__,_|\___|_| |_|\___|____/|____/  
INFO   | jvm 1    | 2026/03/11 01:37:47 |                |_|                                       
INFO   | jvm 1    | 2026/03/11 01:37:47 | 
INFO   | jvm 1    | 2026/03/11 03:08:14 | [03:08:14] ERROR [org.apache.directory.api.ldap.codec.actions.request.search.StoreSearchRequestBaseObject] - ERR_05114_ERROR_MESSAGE ERR_05132_INVALID_ROOT_DN Invalid root Dn given : namingContexts (0x6E 0x61 0x6D 0x69 0x6E 0x67 0x43 0x6F 0x6E 0x74 0x65 0x78 0x74 0x73 ) is invalid : ERR_13611_VALUE_MISSING_ON_RDN A value is missing on some RDN"
INFO   | jvm 1    | 2026/03/11 03:08:45 | [03:08:45] ERROR [org.apache.directory.api.ldap.codec.actions.request.search.StoreSearchRequestBaseObject] - ERR_05114_ERROR_MESSAGE ERR_05132_INVALID_ROOT_DN Invalid root Dn given : namingContexts (0x6E 0x61 0x6D 0x69 0x6E 0x67 0x43 0x6F 0x6E 0x74 0x65 0x78 0x74 0x73 ) is invalid : ERR_13611_VALUE_MISSING_ON_RDN A value is missing on some RDN"
INFO   | jvm 1    | 2026/03/11 03:09:20 | [03:09:20] ERROR [org.apache.directory.api.ldap.codec.actions.request.search.StoreSearchRequestBaseObject] - ERR_05114_ERROR_MESSAGE ERR_05132_INVALID_ROOT_DN Invalid root Dn given : -s (0x2D 0x73 ) is invalid : ERR_13611_VALUE_MISSING_ON_RDN A value is missing on some RDN"
INFO   | jvm 1    | 2026/03/11 03:09:38 | [03:09:38] ERROR [org.apache.directory.api.ldap.codec.actions.request.search.StoreSearchRequestBaseObject] - ERR_05114_ERROR_MESSAGE ERR_05132_INVALID_ROOT_DN Invalid root Dn given : -s (0x2D 0x73 ) is invalid : ERR_13611_VALUE_MISSING_ON_RDN A value is missing on some RDN"
INFO   | jvm 1    | 2026/03/11 03:10:10 | [03:10:10] ERROR [org.apache.directory.api.ldap.codec.actions.request.search.StoreSearchRequestBaseObject] - ERR_05114_ERROR_MESSAGE ERR_05132_INVALID_ROOT_DN Invalid root Dn given : -s (0x2D 0x73 ) is invalid : ERR_13611_VALUE_MISSING_ON_RDN A value is missing on some RDN"
STATUS | wrapper  | 2026/03/11 03:52:39 | TERM trapped.  Shutting down.
WARN   | wrapper  | 2026/03/11 03:52:39 | JVM exited unexpectedly while stopping the application.
STATUS | wrapper  | 2026/03/11 03:52:39 | <-- Wrapper Stopped
